// Vitest Snapshot v1, https://vitest.dev/guide/snapshot.html

exports[`basic openapi project > renders description 1`] = `
"<div class="openapi">

# basic

<!-- markdownlint-disable-file -->

## Request

<div class="openapi__requests">

<div class="openapi__request__wrapper" style="--method: var(--dc-openapi-methods-post);margin-bottom: 12px">

<div class="openapi__request">

POST {.openapi__method}
\`\`\`text translate=no
http://localhost:8080/test
\`\`\`

</div>

Generated server url

</div>

</div>

## Responses

<div class="openapi__response__code__200">

## 200 OK

Base 200 response

<div class="openapi-entity">

### Body

{% cut "application/json" %}

\`\`\`json translate=no
{
  "type": "example",
  "foo": "example"
}
\`\`\`

{% endcut %}

#|
|| **Name** | **Description** ||
||

_foo_{.json-schema-reset .json-schema-property}
{.table-cell}|
**Type**: string

_Example:_{.json-schema-reset .json-schema-example} \`example\`
{.table-cell}
||
||

_type_{.json-schema-reset .json-schema-property}
{.table-cell}|
**Type**: string

_Example:_{.json-schema-reset .json-schema-example} \`example\`
{.table-cell}
||
|#{.json-schema-properties}

</div>

</div>

<div class="openapi__response__code__404">

## 404 Not Found

Base 200 response

<div class="openapi-entity">

### Body

{% cut "application/json" %}

\`\`\`json translate=no
{
  "type": "example",
  "bar": "example"
}
\`\`\`

{% endcut %}

#|
|| **Name** | **Description** ||
||

_bar_{.json-schema-reset .json-schema-property}
{.table-cell}|
**Type**: string

_Example:_{.json-schema-reset .json-schema-example} \`example\`
{.table-cell}
||
||

_type_{.json-schema-reset .json-schema-property}
{.table-cell}|
**Type**: string

_Example:_{.json-schema-reset .json-schema-example} \`example\`
{.table-cell}
||
|#{.json-schema-properties}

</div>

</div>

</div>

[*Deprecated]: No longer supported, please use an alternative and newer version."
`;
