// Vitest Snapshot v1, https://vitest.dev/guide/snapshot.html

exports[`required > renders correct required 1`] = `
"<!-- markdownlint-disable-file -->

<div class="openapi">

# required

## Request

<div class="openapi__requests">

<div class="openapi__request__wrapper" style="--method: var(--dc-openapi-methods-post);margin-bottom: 12px">

<div class="openapi__request">

POST {.openapi__method}
\`\`\`text translate=no
http://localhost:8080/test
\`\`\`

</div>

Generated server url

</div>

</div>

### Query parameters

#|
|| **Name** | **Description** ||
||

_c_{.json-schema-reset .json-schema-property .json-schema-required}
{.table-cell}|
**Type**: number
{.table-cell}
||
||

_a_{.json-schema-reset .json-schema-property}
{.table-cell}|
**Type**: number
{.table-cell}
||
||

_b_{.json-schema-reset .json-schema-property}
{.table-cell}|
**Type**: number
{.table-cell}
||
|#{.json-schema-properties}

<div class="openapi-entity">

### Body

{% cut "application/json" %}

\`\`\`json translate=no
{
  "d": 0.5,
  "e": 0.5
}
\`\`\`

{% endcut %}

#|
|| **Name** | **Description** ||
||

_a_{.json-schema-reset .json-schema-property .json-schema-required}
{.table-cell}|
**Type**: number
{.table-cell}
||
||

_b_{.json-schema-reset .json-schema-property}
{.table-cell}|
**Type**: number
{.table-cell}
||
||

_c_{.json-schema-reset .json-schema-property}
{.table-cell}|
**Type**: number
{.table-cell}
||
|#{.json-schema-properties}

</div>

## Responses

<div class="openapi__response__code__200">

## 200 OK

Cat class

<div class="openapi-entity">

### Body

{% cut "application/json" %}

\`\`\`json translate=no
{
  "type": "example",
  "foo": "example"
}
\`\`\`

{% endcut %}

#|
|| **Name** | **Description** ||
||

_foo_{.json-schema-reset .json-schema-property}
{.table-cell}|
**Type**: string

_Example:_{.json-schema-reset .json-schema-example} \`example\`
{.table-cell}
||
||

_type_{.json-schema-reset .json-schema-property}
{.table-cell}|
**Type**: string

_Example:_{.json-schema-reset .json-schema-example} \`example\`
{.table-cell}
||
|#{.json-schema-properties}

</div>

</div>

</div>

[*Deprecated]: No longer supported, please use an alternative and newer version."
`;
